// Jest Snapshot v1, https://goo.gl/fbAQLP

exports[`Button should render the medium by size 1`] = `
<span>
  buy now
</span>
`;
