// Jest Snapshot v1, https://goo.gl/fbAQLP

exports[`Components/TextField should renders without label 1`] = `
.c0 {
  border-radius: 0.2rem;
  display: -webkit-box;
  display: -webkit-flex;
  display: -ms-flexbox;
  display: flex;
  -webkit-flex-direction: column;
  -ms-flex-direction: column;
  flex-direction: column;
}

.c0:focus-within {
  box-shadow: 0 0 0.5rem #F231A5;
}

.c1 {
  background-color: #EAEAEA;
  border-radius: 0.2rem;
  padding: 0.8rem 1.6rem;
  border: 0.2rem solid #EAEAEA;
  display: -webkit-box;
  display: -webkit-flex;
  display: -ms-flexbox;
  display: flex;
  gap: 0.8rem;
}

.c1:focus-within {
  box-shadow: 0 0 0.5rem #F231A5;
}

.c2 {
  width: 100%;
  color: #030517;
  font-family: Poppins,-apple-system,BlinkMacSystemFont,'Segoe UI',Roboto,Oxygen,Ubuntu,Cantarell,'Open Sans','Helvetica Neue',sans-serif;
  font-size: 1.6rem;
  padding: 0.8rem 0;
  border: 0;
  background-color: transparent;
  outline: none;
  box-shadow: none;
}

<div>
  <div
    class="c0"
  >
    <div
      class="c1"
    >
      <input
        class="c2"
        type="text"
        value=""
      />
    </div>
  </div>
</div>
`;
