// Jest Snapshot v1, https://goo.gl/fbAQLP

exports[`CartList should be render a CartList 1`] = `
Object {
  "asFragment": [Function],
  "baseElement": .c1 {
  padding: 2.4rem;
  border-bottom: 0.1rem solid #EAEAEA;
}

.c2 {
  display: -webkit-box;
  display: -webkit-flex;
  display: -ms-flexbox;
  display: flex;
}

.c3 {
  -webkit-flex-shrink: 0;
  -ms-flex-negative: 0;
  flex-shrink: 0;
  margin-right: 1.2rem;
  width: 9.6rem;
  height: 5.6rem;
}

.c3 img {
  width: 100%;
  height: 100%;
  object-fit: cover;
}

.c4 {
  display: -webkit-box;
  display: -webkit-flex;
  display: -ms-flexbox;
  display: flex;
  -webkit-flex-direction: column;
  -ms-flex-direction: column;
  flex-direction: column;
  -webkit-align-items: flex-start;
  -webkit-box-align: flex-start;
  -ms-flex-align: flex-start;
  align-items: flex-start;
}

.c5 {
  font-size: 1.4rem;
  line-height: 1.4rem;
  font-weight: 600;
  color: #030517;
  margin-bottom: 0.8rem;
}

.c6 {
  color: #FAFAFA;
  padding: 0.5rem 0.8rem;
  background-color: #3CD3C1;
  font-size: 1.4rem;
  font-weight: 600;
  border-radius: 0.4rem;
}

.c0 {
  background-color: #FAFAFA;
  display: -webkit-box;
  display: -webkit-flex;
  display: -ms-flexbox;
  display: flex;
  -webkit-flex-direction: column;
  -ms-flex-direction: column;
  flex-direction: column;
  -webkit-align-self: start;
  -ms-flex-item-align: start;
  align-self: start;
}

.c7 {
  background-color: #EAEAEA;
  color: #030517;
  font-size: 1.4rem;
  padding: 2rem;
  display: -webkit-box;
  display: -webkit-flex;
  display: -ms-flexbox;
  display: flex;
  -webkit-box-pack: justify;
  -webkit-justify-content: space-between;
  -ms-flex-pack: justify;
  justify-content: space-between;
}

.c8 {
  color: #F231A5;
  font-weight: 500;
}

@media (min-width:768px) {
  .c1 {
    display: -webkit-box;
    display: -webkit-flex;
    display: -ms-flexbox;
    display: flex;
  }
}

@media (min-width:768px) {
  .c3 {
    margin-right: 1.6rem;
    width: 15rem;
    height: 7rem;
  }
}

@media (min-width:768px) {
  .c5 {
    font-size: 2rem;
    line-height: 2rem;
  }
}

<body>
    <div>
      <div
        class="c0"
      >
        <div
          class="c1"
        >
          <div
            class="c2"
          >
            <div
              class="c3"
            >
              <img
                alt="Red Dead Redemption 2"
                src="https://source.unsplash.com/user/williamjusten/151x70"
              />
            </div>
            <div
              class="c4"
            >
              <h3
                class="c5"
              >
                Red Dead Redemption 2
              </h3>
              <div
                class="c6"
              >
                R$ 215,00
              </div>
            </div>
          </div>
        </div>
        <div
          class="c1"
        >
          <div
            class="c2"
          >
            <div
              class="c3"
            >
              <img
                alt="Borderlands 3"
                src="https://source.unsplash.com/user/williamjusten/151x70"
              />
            </div>
            <div
              class="c4"
            >
              <h3
                class="c5"
              >
                Borderlands 3
              </h3>
              <div
                class="c6"
              >
                R$ 129,90
              </div>
            </div>
          </div>
        </div>
        <div
          class="c7"
        >
          Total 
          <span
            class="c8"
          >
            344,90
          </span>
        </div>
      </div>
    </div>
  </body>,
  "container": .c1 {
  padding: 2.4rem;
  border-bottom: 0.1rem solid #EAEAEA;
}

.c2 {
  display: -webkit-box;
  display: -webkit-flex;
  display: -ms-flexbox;
  display: flex;
}

.c3 {
  -webkit-flex-shrink: 0;
  -ms-flex-negative: 0;
  flex-shrink: 0;
  margin-right: 1.2rem;
  width: 9.6rem;
  height: 5.6rem;
}

.c3 img {
  width: 100%;
  height: 100%;
  object-fit: cover;
}

.c4 {
  display: -webkit-box;
  display: -webkit-flex;
  display: -ms-flexbox;
  display: flex;
  -webkit-flex-direction: column;
  -ms-flex-direction: column;
  flex-direction: column;
  -webkit-align-items: flex-start;
  -webkit-box-align: flex-start;
  -ms-flex-align: flex-start;
  align-items: flex-start;
}

.c5 {
  font-size: 1.4rem;
  line-height: 1.4rem;
  font-weight: 600;
  color: #030517;
  margin-bottom: 0.8rem;
}

.c6 {
  color: #FAFAFA;
  padding: 0.5rem 0.8rem;
  background-color: #3CD3C1;
  font-size: 1.4rem;
  font-weight: 600;
  border-radius: 0.4rem;
}

.c0 {
  background-color: #FAFAFA;
  display: -webkit-box;
  display: -webkit-flex;
  display: -ms-flexbox;
  display: flex;
  -webkit-flex-direction: column;
  -ms-flex-direction: column;
  flex-direction: column;
  -webkit-align-self: start;
  -ms-flex-item-align: start;
  align-self: start;
}

.c7 {
  background-color: #EAEAEA;
  color: #030517;
  font-size: 1.4rem;
  padding: 2rem;
  display: -webkit-box;
  display: -webkit-flex;
  display: -ms-flexbox;
  display: flex;
  -webkit-box-pack: justify;
  -webkit-justify-content: space-between;
  -ms-flex-pack: justify;
  justify-content: space-between;
}

.c8 {
  color: #F231A5;
  font-weight: 500;
}

@media (min-width:768px) {
  .c1 {
    display: -webkit-box;
    display: -webkit-flex;
    display: -ms-flexbox;
    display: flex;
  }
}

@media (min-width:768px) {
  .c3 {
    margin-right: 1.6rem;
    width: 15rem;
    height: 7rem;
  }
}

@media (min-width:768px) {
  .c5 {
    font-size: 2rem;
    line-height: 2rem;
  }
}

<div>
    <div
      class="c0"
    >
      <div
        class="c1"
      >
        <div
          class="c2"
        >
          <div
            class="c3"
          >
            <img
              alt="Red Dead Redemption 2"
              src="https://source.unsplash.com/user/williamjusten/151x70"
            />
          </div>
          <div
            class="c4"
          >
            <h3
              class="c5"
            >
              Red Dead Redemption 2
            </h3>
            <div
              class="c6"
            >
              R$ 215,00
            </div>
          </div>
        </div>
      </div>
      <div
        class="c1"
      >
        <div
          class="c2"
        >
          <div
            class="c3"
          >
            <img
              alt="Borderlands 3"
              src="https://source.unsplash.com/user/williamjusten/151x70"
            />
          </div>
          <div
            class="c4"
          >
            <h3
              class="c5"
            >
              Borderlands 3
            </h3>
            <div
              class="c6"
            >
              R$ 129,90
            </div>
          </div>
        </div>
      </div>
      <div
        class="c7"
      >
        Total 
        <span
          class="c8"
        >
          344,90
        </span>
      </div>
    </div>
  </div>,
  "debug": [Function],
  "findAllByAltText": [Function],
  "findAllByDisplayValue": [Function],
  "findAllByLabelText": [Function],
  "findAllByPlaceholderText": [Function],
  "findAllByRole": [Function],
  "findAllByTestId": [Function],
  "findAllByText": [Function],
  "findAllByTitle": [Function],
  "findByAltText": [Function],
  "findByDisplayValue": [Function],
  "findByLabelText": [Function],
  "findByPlaceholderText": [Function],
  "findByRole": [Function],
  "findByTestId": [Function],
  "findByText": [Function],
  "findByTitle": [Function],
  "getAllByAltText": [Function],
  "getAllByDisplayValue": [Function],
  "getAllByLabelText": [Function],
  "getAllByPlaceholderText": [Function],
  "getAllByRole": [Function],
  "getAllByTestId": [Function],
  "getAllByText": [Function],
  "getAllByTitle": [Function],
  "getByAltText": [Function],
  "getByDisplayValue": [Function],
  "getByLabelText": [Function],
  "getByPlaceholderText": [Function],
  "getByRole": [Function],
  "getByTestId": [Function],
  "getByText": [Function],
  "getByTitle": [Function],
  "queryAllByAltText": [Function],
  "queryAllByDisplayValue": [Function],
  "queryAllByLabelText": [Function],
  "queryAllByPlaceholderText": [Function],
  "queryAllByRole": [Function],
  "queryAllByTestId": [Function],
  "queryAllByText": [Function],
  "queryAllByTitle": [Function],
  "queryByAltText": [Function],
  "queryByDisplayValue": [Function],
  "queryByLabelText": [Function],
  "queryByPlaceholderText": [Function],
  "queryByRole": [Function],
  "queryByTestId": [Function],
  "queryByText": [Function],
  "queryByTitle": [Function],
  "rerender": [Function],
  "unmount": [Function],
}
`;
